// Jest Snapshot v1, https://goo.gl/fbAQLP

exports[`An <AnimatedRoutes> renders the first route that matches the URL 1`] = `
<h1>
  Home
</h1>
`;
